C:\Users\HP\IdeaProjects\GuteInformatikProjekt\src\main\java\Anzeige\Cardchoice.java
C:\Users\HP\IdeaProjects\GuteInformatikProjekt\src\main\java\Anzeige\Game.java
C:\Users\HP\IdeaProjects\GuteInformatikProjekt\src\main\java\Anzeige\Startscreen.java
C:\Users\HP\IdeaProjects\GuteInformatikProjekt\src\main\java\Appstarter\Launcher.java
C:\Users\HP\IdeaProjects\GuteInformatikProjekt\src\main\java\BrrrBrrrrIdiotin\Enemy.java
C:\Users\HP\IdeaProjects\GuteInformatikProjekt\src\main\java\BrrrBrrrrIdiotin\Gamers.java
C:\Users\HP\IdeaProjects\GuteInformatikProjekt\src\main\java\BrrrBrrrrIdiotin\Player.java
C:\Users\HP\IdeaProjects\GuteInformatikProjekt\src\main\java\BrrrBrrrrIdiotin\Table.java
C:\Users\HP\IdeaProjects\GuteInformatikProjekt\src\main\java\Cards\Cardelement.java
C:\Users\HP\IdeaProjects\GuteInformatikProjekt\src\main\java\Cards\Clubs.java
C:\Users\HP\IdeaProjects\GuteInformatikProjekt\src\main\java\Cards\Diamonds.java
C:\Users\HP\IdeaProjects\GuteInformatikProjekt\src\main\java\Cards\Hearts.java
C:\Users\HP\IdeaProjects\GuteInformatikProjekt\src\main\java\Cards\Spades.java
C:\Users\HP\IdeaProjects\GuteInformatikProjekt\src\main\java\module-info.java
C:\Users\HP\IdeaProjects\GuteInformatikProjekt\src\main\java\org\example\durakspiel\HelloApplication.java
C:\Users\HP\IdeaProjects\GuteInformatikProjekt\src\main\java\org\example\durakspiel\HelloController.java
